[2026-09-09T09:02:19Z] === ENRICH ITERATION 1 START | repo=jquery/jquery sha=4dec426a ===
[2026-09-09T09:02:19Z] [iter=1] PHASE START: enrich repo=jquery/jquery sha=4dec426a runlog=/home/runner/work/forx/forx/storage/aggregate/lsp/logs/4dec426a-enrich-iter-001.log output=/home/runner/work/forx/forx/storage/aggregate/lsp/4dec426aa2a6cbabb1b064319ba7c272d594a688.nq.gz
[2026-09-09T09:02:36Z] [iter=1] Step 1: Loading AST into disk-backed store mem_mb=79 MB
[2026-09-09T09:02:54Z] [iter=1] AST store loaded triples=2256095 load_secs=17 mem_mb=872 MB
[2026-09-09T09:02:54Z] [iter=1] Step 2: Finding LSP targets mem_mb=872 MB
[2026-09-09T09:02:56Z] [iter=1] LSP targets found call_sites=23054 imports=0 extends=0 implements=0 secs=2
[2026-09-09T09:02:56Z] [iter=1] Step 2.7: Building position index (one-shot, shared across resolvers) mem_mb=872 MB
[2026-09-09T09:03:11Z] [iter=1] Position index built positions=155512 nodes_with_types=183901 secs=14 mem_mb=872 MB
[2026-09-09T09:03:11Z] [iter=1] Step 3: Starting LSP resolution mem_mb=872 MB already_completed_types=[] already_completed_files=0
[2026-09-09T09:03:11Z] [iter=1] Resolving target type target_type=call_site count=23054
[2026-09-09T09:03:13Z] [iter=1] HEARTBEAT target_type=call_site elapsed_min=0.9 files_done=0 resolved=0 errors=0 current=test/data/jquery-1.9.1.js
[2026-09-09T09:26:59Z] [iter=1] HEARTBEAT target_type=call_site elapsed_min=24.7 files_done=1 resolved=36 errors=1524 current=test/unit/ajax.js
[2026-09-09T09:27:46Z] [iter=1] HEARTBEAT target_type=call_site elapsed_min=25.5 files_done=2 resolved=59 errors=1574 current=test/unit/traversing.js
[2026-09-09T09:30:52Z] [iter=1] HEARTBEAT target_type=call_site elapsed_min=28.6 files_done=3 resolved=88 errors=1773 current=src/sizzle/test/unit/selector.js
[2026-09-09T09:32:14Z] [iter=1] HEARTBEAT target_type=call_site elapsed_min=29.9 files_done=4 resolved=142 errors=1859 current=src/sizzle/test/jquery.js
[2026-09-09T09:55:56Z] [iter=1] HEARTBEAT target_type=call_site elapsed_min=53.6 files_done=5 resolved=178 errors=3383 current=test/unit/core.js
[2026-09-09T09:56:37Z] [iter=1] HEARTBEAT target_type=call_site elapsed_min=54.3 files_done=6 resolved=221 errors=3427 current=test/unit/css.js
[2026-09-09T09:57:36Z] [iter=1] HEARTBEAT target_type=call_site elapsed_min=55.3 files_done=8 resolved=256 errors=3490 current=test/unit/event.js
[2026-09-09T10:03:50Z] [iter=1] HEARTBEAT target_type=call_site elapsed_min=61.5 files_done=9 resolved=263 errors=3892 current=test/unit/attributes.js
[2026-09-09T10:10:12Z] [iter=1] HEARTBEAT target_type=call_site elapsed_min=67.9 files_done=10 resolved=294 errors=4302 current=test/unit/manipulation.js
[2026-09-09T10:11:42Z] [iter=1] HEARTBEAT target_type=call_site elapsed_min=69.4 files_done=11 resolved=375 errors=4398 current=test/libs/require.js
[2026-09-09T10:16:33Z] [iter=1] HEARTBEAT target_type=call_site elapsed_min=74.2 files_done=12 resolved=384 errors=4710 current=dist/jquery.js
[2026-09-09T10:21:51Z] [iter=1] HEARTBEAT target_type=call_site elapsed_min=79.5 files_done=13 resolved=580 errors=5051 current=test/unit/dimensions.js
[2026-09-09T10:25:28Z] [iter=1] HEARTBEAT target_type=call_site elapsed_min=83.2 files_done=14 resolved=580 errors=5285 current=build/tasks/dist.js
[2026-09-09T10:27:11Z] [iter=1] HEARTBEAT target_type=call_site elapsed_min=84.9 files_done=16 resolved=585 errors=5395 current=test/unit/offset.js
[2026-09-09T10:30:03Z] [iter=1] HEARTBEAT target_type=call_site elapsed_min=87.7 files_done=17 resolved=590 errors=5580 current=test/unit/effects.js
[2026-09-09T10:30:39Z] [iter=1] HEARTBEAT target_type=call_site elapsed_min=88.3 files_done=18 resolved=622 errors=5618 current=src/event.js
[2026-09-09T10:31:25Z] [iter=1] HEARTBEAT target_type=call_site elapsed_min=89.1 files_done=20 resolved=641 errors=5667 current=test/unit/data.js
[2026-09-09T10:32:15Z] [iter=1] HEARTBEAT target_type=call_site elapsed_min=89.9 files_done=25 resolved=672 errors=5720 current=test/libs/qunit/qunit.js
[2026-09-09T10:38:08Z] [iter=1] HEARTBEAT target_type=call_site elapsed_min=95.8 files_done=26 resolved=707 errors=6099 current=test/unit/selector.js
[2026-09-09T10:38:45Z] [iter=1] HEARTBEAT target_type=call_site elapsed_min=96.4 files_done=27 resolved=730 errors=6139 current=src/ajax.js
[2026-09-09T10:41:09Z] [iter=1] HEARTBEAT target_type=call_site elapsed_min=98.8 files_done=30 resolved=805 errors=6294 current=test/unit/ready.js
[2026-09-09T10:41:43Z] [iter=1] HEARTBEAT target_type=call_site elapsed_min=99.4 files_done=33 resolved=813 errors=6330 current=src/effects.js
[2026-09-09T10:43:09Z] [iter=1] HEARTBEAT target_type=call_site elapsed_min=100.8 files_done=36 resolved=840 errors=6422 current=src/attributes/support.js
[2026-09-09T10:43:51Z] [iter=1] HEARTBEAT target_type=call_site elapsed_min=101.5 files_done=40 resolved=868 errors=6467 current=src/offset.js
[2026-09-09T10:44:44Z] [iter=1] HEARTBEAT target_type=call_site elapsed_min=102.4 files_done=43 resolved=890 errors=6524 current=src/css/var/cssExpand.js
[2026-09-09T10:45:24Z] [iter=1] HEARTBEAT target_type=call_site elapsed_min=103.1 files_done=50 resolved=895 errors=6567 current=src/core/access.js
[2026-09-09T10:46:33Z] [iter=1] HEARTBEAT target_type=call_site elapsed_min=104.2 files_done=53 resolved=899 errors=6641 current=src/css/defaultDisplay.js
[2026-09-09T10:47:33Z] [iter=1] HEARTBEAT target_type=call_site elapsed_min=105.2 files_done=60 resolved=927 errors=6705 current=src/effects/Tween.js
[2026-09-09T10:48:28Z] [iter=1] HEARTBEAT target_type=call_site elapsed_min=106.2 files_done=68 resolved=940 errors=6764 current=src/ajax/load.js
[2026-09-09T10:49:00Z] [iter=1] HEARTBEAT target_type=call_site elapsed_min=106.7 files_done=72 resolved=943 errors=6798 current=src/wrap.js
[2026-09-09T10:49:30Z] [iter=1] HEARTBEAT target_type=call_site elapsed_min=107.2 files_done=86 resolved=968 errors=6830 current=src/selector.js
[2026-09-09T10:49:40Z] [iter=1] Target type resolved target_type=call_site resolved=970 errors=6840 secs=6389 mem_mb=872 MB
[2026-09-09T10:49:47Z] [iter=1] Step 5: Writing final enrichment file triples=109020
[2026-09-09T10:49:49Z] [iter=1] Enrichment file written path=/home/runner/work/forx/forx/storage/aggregate/lsp/4dec426aa2a6cbabb1b064319ba7c272d594a688.nq.gz size_kb=1929
[2026-09-09T10:49:49Z] [iter=1] PHASE END: enrich elapsed_s=6450 elapsed_min=107.5 total_triples=109020
